[www.microschematic.com/INDEX.swf]
[www.microschematic.com/INDE.swf]
[www.microschematic.com/inde.html]
[www.microschematic.com/zarch.swf]
[www.microschematic.com/zarch.html]
[www.microschematic.com/inst.swf]
[www.microschematic.com/inst.html]
[www.microschematic.com/ydir.swf]
[www.microschematic.com/ydir.html]
[www.microschematic.com/yexp.swf]
[www.microschematic.com/yexp.html]
[www.microschematic.com/zioreg.swf]
[www.microschematic.com/zioreg.html]
[www.microschematic.com/zzaddr.swf]
[www.microschematic.com/zzaddr.html]
[www.microschematic.com/zinter.swf]
[www.microschematic.com/zinter.html]
[www.microschematic.com/zcpu.swf]
[www.microschematic.com/zcpu.html]
[www.microschematic.com/zper.swf]
[www.microschematic.com/zper.html]
[www.microschematic.com/zpmemory.swf]
[www.microschematic.com/zpmemory.html]
[www.microschematic.com/zpcount.swf]
[www.microschematic.com/zpcount.html]
[www.microschematic.com/zsram.swf]
[www.microschematic.com/zsram.html]
[www.microschematic.com/zgpr.swf]
[www.microschematic.com/zgpr.html]
[www.microschematic.com/zalu.swf]
[www.microschematic.com/zalu.html]
[www.microschematic.com/zsreg.swf]
[www.microschematic.com/zsreg.html]
[www.microschematic.com/ziolines.swf]
[www.microschematic.com/ziolines.html]
[www.microschematic.com/zwatch.swf]
[www.microschematic.com/zwatch.html]
[www.microschematic.com/ztc.swf]
[www.microschematic.com/ztc.html]
[www.microschematic.com/ztcpwm.swf]
[www.microschematic.com/ztcpwm.html]
[www.microschematic.com/zanalog.swf]
[www.microschematic.com/zanalog.html]
[www.microschematic.com/zuart.swf]
[www.microschematic.com/zuart.html]
[www.microschematic.com/zspi.swf]
[www.microschematic.com/zspi.html]
[www.microschematic.com/zsleep.swf]
[www.microschematic.com/zsleep.html]
[www.microschematic.com/ziolineb.swf]
[www.microschematic.com/ziolineb.html]
[www.microschematic.com/ziolined.swf]
[www.microschematic.com/ziolined.html]
[www.microschematic.com/zwdtuse.swf]
[www.microschematic.com/zwdtuse.html]
[www.microschematic.com/zwdtirq.swf]
[www.microschematic.com/zwdtirq.html]
[www.microschematic.com/zwdtpres.swf]
[www.microschematic.com/zwdtpres.html]
[www.microschematic.com/ztimskx.swf]
[www.microschematic.com/ztimskx.html]
[www.microschematic.com/ztcntxs.swf]
[www.microschematic.com/ztcntxs.html]
[www.microschematic.com/ztcpresa.swf]
[www.microschematic.com/ztcpresa.html]
[www.microschematic.com/zytaovf.swf]
[www.microschematic.com/zytaovf.html]
[www.microschematic.com/ztcpwmus.swf]
[www.microschematic.com/ztcpwmus.html]
[www.microschematic.com/ztcpresb.swf]
[www.microschematic.com/ztcpresb.html]
[www.microschematic.com/ztcbint.swf]
[www.microschematic.com/ztcbint.html]
[www.microschematic.com/zanalogu.swf]
[www.microschematic.com/zanalogu.html]
[www.microschematic.com/zyanalog.swf]
[www.microschematic.com/zyanalog.html]
[www.microschematic.com/zuartrc.swf]
[www.microschematic.com/zuartrc.html]
[www.microschematic.com/zuarttc.swf]
[www.microschematic.com/zuarttc.html]
[www.microschematic.com/zuartbd.swf]
[www.microschematic.com/zuartbd.html]
[www.microschematic.com/zuartirq.swf]
[www.microschematic.com/zuartirq.html]
[www.microschematic.com/ztcbovfu.swf]
[www.microschematic.com/ztcbovfu.html]
[www.microschematic.com/ztcbcomu.swf]
[www.microschematic.com/ztcbcomu.html]
[www.microschematic.com/ztcbcapu.swf]
[www.microschematic.com/ztcbcapu.html]
[www.microschematic.com/zpwmus.swf]
[www.microschematic.com/zpwmus.html]
[www.microschematic.com/zytbovf.swf]
[www.microschematic.com/zytbovf.html]
[www.microschematic.com/zytbcom.swf]
[www.microschematic.com/zytbcom.html]
[www.microschematic.com/zytbcap.swf]
[www.microschematic.com/zytbcap.html]
[www.microschematic.com/zuartnr.swf]
[www.microschematic.com/zuartnr.html]
[www.microschematic.com/zuartnt.swf]
[www.microschematic.com/zuartnt.html]
[www.microschematic.com/zyutx.swf]
[www.microschematic.com/zyutx.html]
[www.microschematic.com/zyuudre.swf]
[www.microschematic.com/zyuudre.html]
[www.microschematic.com/zyurx.swf]
[www.microschematic.com/zyurx.html]
[www.microschematic.com/zziwpdec.swf]
[www.microschematic.com/zziwpdec.html]
[www.microschematic.com/zzdatas.swf]
[www.microschematic.com/zzdatas.html]
[www.microschematic.com/zzrprog.swf]
[www.microschematic.com/zzrprog.html]
[www.microschematic.com/zzddata.swf]
[www.microschematic.com/zzddata.html]
[www.microschematic.com/zziwpinc.swf]
[www.microschematic.com/zziwpinc.html]
[www.microschematic.com/zzdtwo.swf]
[www.microschematic.com/zzdtwo.html]
[www.microschematic.com/zzdio.swf]
[www.microschematic.com/zzdio.html]
[www.microschematic.com/zzcprog.swf]
[www.microschematic.com/zzcprog.html]
[www.microschematic.com/zziprog.swf]
[www.microschematic.com/zziprog.html]
[www.microschematic.com/zzi.swf]
[www.microschematic.com/zzi.html]
[www.microschematic.com/zzdsing.swf]
[www.microschematic.com/zzdsing.html]
[www.microschematic.com/zziwdis.swf]
[www.microschematic.com/zziwdis.html]
[www.microschematic.com/zyinta.swf]
[www.microschematic.com/zyinta.html]
[www.microschematic.com/zyreset.swf]
[www.microschematic.com/zyreset.html]
[www.microschematic.com/zeeprom.swf]
[www.microschematic.com/zeeprom.html]
[www.microschematic.com/zeeaces.swf]
[www.microschematic.com/zeeaces.html]
[www.microschematic.com/zspl.swf]
[www.microschematic.com/zspl.html]
[www.microschematic.com/adc.swf]
[www.microschematic.com/adc.html]
[www.microschematic.com/add.swf]
[www.microschematic.com/add.html]
[www.microschematic.com/adiw.swf]
[www.microschematic.com/adiw.html]
[www.microschematic.com/and.swf]
[www.microschematic.com/and.html]
[www.microschematic.com/bclr.swf]
[www.microschematic.com/bclr.html]
[www.microschematic.com/bld.swf]
[www.microschematic.com/bld.html]
[www.microschematic.com/brb.swf]
[www.microschematic.com/brb.html]
[www.microschematic.com/brc.swf]
[www.microschematic.com/brc.html]
[www.microschematic.com/brz.swf]
[www.microschematic.com/brz.html]
[www.microschematic.com/brs.swf]
[www.microschematic.com/brs.html]
[www.microschematic.com/brh.swf]
[www.microschematic.com/brh.html]
[www.microschematic.com/bri.swf]
[www.microschematic.com/bri.html]
[www.microschematic.com/brn.swf]
[www.microschematic.com/brn.html]
[www.microschematic.com/brt.swf]
[www.microschematic.com/brt.html]
[www.microschematic.com/brv.swf]
[www.microschematic.com/brv.html]
[www.microschematic.com/bset.swf]
[www.microschematic.com/bset.html]
[www.microschematic.com/bst.swf]
[www.microschematic.com/bst.html]
[www.microschematic.com/cbi.swf]
[www.microschematic.com/cbi.html]
[www.microschematic.com/cbr.swf]
[www.microschematic.com/cbr.html]
[www.microschematic.com/clc.swf]
[www.microschematic.com/clc.html]
[www.microschematic.com/clh.swf]
[www.microschematic.com/clh.html]
[www.microschematic.com/cli.swf]
[www.microschematic.com/cli.html]
[www.microschematic.com/cln.swf]
[www.microschematic.com/cln.html]
[www.microschematic.com/cls.swf]
[www.microschematic.com/cls.html]
[www.microschematic.com/clt.swf]
[www.microschematic.com/clt.html]
[www.microschematic.com/clv.swf]
[www.microschematic.com/clv.html]
[www.microschematic.com/clz.swf]
[www.microschematic.com/clz.html]
[www.microschematic.com/com.swf]
[www.microschematic.com/com.html]
[www.microschematic.com/cp.swf]
[www.microschematic.com/cp.html]
[www.microschematic.com/cpc.swf]
[www.microschematic.com/cpc.html]
[www.microschematic.com/cpi.swf]
[www.microschematic.com/cpi.html]
[www.microschematic.com/cpse.swf]
[www.microschematic.com/cpse.html]
[www.microschematic.com/dec.swf]
[www.microschematic.com/dec.html]
[www.microschematic.com/eor.swf]
[www.microschematic.com/eor.html]
[www.microschematic.com/icall.swf]
[www.microschematic.com/icall.html]
[www.microschematic.com/ijmp.swf]
[www.microschematic.com/ijmp.html]
[www.microschematic.com/in.swf]
[www.microschematic.com/in.html]
[www.microschematic.com/inc.swf]
[www.microschematic.com/inc.html]
[www.microschematic.com/ldx.swf]
[www.microschematic.com/ldx.html]
[www.microschematic.com/ldxm.swf]
[www.microschematic.com/ldxm.html]
[www.microschematic.com/ldxp.swf]
[www.microschematic.com/ldxp.html]
[www.microschematic.com/ldy.swf]
[www.microschematic.com/ldy.html]
[www.microschematic.com/ldym.swf]
[www.microschematic.com/ldym.html]
[www.microschematic.com/ldyp.swf]
[www.microschematic.com/ldyp.html]
[www.microschematic.com/ldz.swf]
[www.microschematic.com/ldz.html]
[www.microschematic.com/ldzm.swf]
[www.microschematic.com/ldzm.html]
[www.microschematic.com/ldzp.swf]
[www.microschematic.com/ldzp.html]
[www.microschematic.com/ldzd.swf]
[www.microschematic.com/ldzd.html]
[www.microschematic.com/ldi.swf]
[www.microschematic.com/ldi.html]
[www.microschematic.com/lds.swf]
[www.microschematic.com/lds.html]
[www.microschematic.com/lpm.swf]
[www.microschematic.com/lpm.html]
[www.microschematic.com/lsl.swf]
[www.microschematic.com/lsl.html]
[www.microschematic.com/lsr.swf]
[www.microschematic.com/lsr.html]
[www.microschematic.com/mov.swf]
[www.microschematic.com/mov.html]
[www.microschematic.com/neg.html]
[www.microschematic.com/neg.swf]
[www.microschematic.com/nop.swf]
[www.microschematic.com/nop.html]
[www.microschematic.com/ori.swf]
[www.microschematic.com/ori.html]
[www.microschematic.com/out.swf]
[www.microschematic.com/out.html]
[www.microschematic.com/pop.swf]
[www.microschematic.com/pop.html]
[www.microschematic.com/push.swf]
[www.microschematic.com/push.html]
[www.microschematic.com/rcall.swf]
[www.microschematic.com/rcall.html]
[www.microschematic.com/ret.swf]
[www.microschematic.com/ret.html]
[www.microschematic.com/reti.swf]
[www.microschematic.com/reti.html]
[www.microschematic.com/rjmp.swf]
[www.microschematic.com/rjmp.html]
[www.microschematic.com/rol.swf]
[www.microschematic.com/rol.html]
[www.microschematic.com/ror.swf]
[www.microschematic.com/ror.html]
[www.microschematic.com/sbc.swf]
[www.microschematic.com/sbc.html]
[www.microschematic.com/sbci.swf]
[www.microschematic.com/sbci.html]
[www.microschematic.com/sbi.swf]
[www.microschematic.com/sbi.html]
[www.microschematic.com/sbics.swf]
[www.microschematic.com/sbics.html]
[www.microschematic.com/sbiw.swf]
[www.microschematic.com/sbiw.html]
[www.microschematic.com/sbr.swf]
[www.microschematic.com/sbr.html]
[www.microschematic.com/sbrcs.swf]
[www.microschematic.com/sbrcs.html]
[www.microschematic.com/sec.swf]
[www.microschematic.com/sec.html]
[www.microschematic.com/seh.swf]
[www.microschematic.com/seh.html]
[www.microschematic.com/sei.swf]
[www.microschematic.com/sei.html]
[www.microschematic.com/sen.swf]
[www.microschematic.com/sen.html]
[www.microschematic.com/ser.swf]
[www.microschematic.com/ser.html]
[www.microschematic.com/ses.swf]
[www.microschematic.com/ses.html]
[www.microschematic.com/sev.swf]
[www.microschematic.com/sev.html]
[www.microschematic.com/sez.swf]
[www.microschematic.com/sez.html]
[www.microschematic.com/stx.swf]
[www.microschematic.com/stx.html]
[www.microschematic.com/stxm.swf]
[www.microschematic.com/stxm.html]
[www.microschematic.com/stxp.swf]
[www.microschematic.com/stxp.html]
[www.microschematic.com/sty.swf]
[www.microschematic.com/sty.html]
[www.microschematic.com/stym.swf]
[www.microschematic.com/stym.html]
[www.microschematic.com/stz.swf]
[www.microschematic.com/stz.html]
[www.microschematic.com/stzm.swf]
[www.microschematic.com/stzm.html]
[www.microschematic.com/stzp.swf]
[www.microschematic.com/stzp.html]
[www.microschematic.com/styd.swf]
[www.microschematic.com/styd.html]
[www.microschematic.com/stzd.swf]
[www.microschematic.com/stzd.html]
[www.microschematic.com/sts.swf]
[www.microschematic.com/sts.html]
[www.microschematic.com/sub.swf]
[www.microschematic.com/sub.html]
[www.microschematic.com/subi.html]
[www.microschematic.com/subi.swf]
[www.microschematic.com/swap.swf]
[www.microschematic.com/swap.html]
[www.microschematic.com/tst.swf]
[www.microschematic.com/tst.html]
[www.microschematic.com/sleep.swf]
[www.microschematic.com/sleep.html]
[www.microschematic.com/wdr.swf]
[www.microschematic.com/wdr.html]
[www.microschematic.com/instarit.swf]
[www.microschematic.com/instarit.html]
[www.microschematic.com/instbit.swf]
[www.microschematic.com/instbit.html]
[www.microschematic.com/instbran.swf]
[www.microschematic.com/instbran.html]
[www.microschematic.com/instdat.swf]
[www.microschematic.com/instdat.html]
[www.microschematic.com/andi.swf]
[www.microschematic.com/andi.html]
[www.microschematic.com/asr.swf]
[www.microschematic.com/asr.html]
[www.microschematic.com/ldyd.swf]
[www.microschematic.com/ldyd.html]
[www.microschematic.com/styp.swf]
[www.microschematic.com/styp.html]
[www.microschematic.com/zreg.swf]
[www.microschematic.com/zreg.html]
[www.microschematic.com/zyintb.swf]
[www.microschematic.com/zyintb.html]
[www.microschematic.com/ztoiey.swf]
[www.microschematic.com/ztoiey.html]
[www.microschematic.com/zocieya.swf]
[www.microschematic.com/zocieya.html]
[www.microschematic.com/zticiey.swf]
[www.microschematic.com/zticiey.html]
[www.microschematic.com/ztoiex.swf]
[www.microschematic.com/ztoiex.html]
[www.microschematic.com/ztovy.swf]
[www.microschematic.com/ztovy.html]
[www.microschematic.com/zicfy.swf]
[www.microschematic.com/zicfy.html]
[www.microschematic.com/ztovx.swf]
[www.microschematic.com/ztovx.html]
[www.microschematic.com/zocfya.html]
[www.microschematic.com/zocfya.swf]
[www.microschematic.com/zztable.html]
[www.microschematic.com/ztifr.swf]
[www.microschematic.com/ztifr.html]
[www.microschematic.com/zxtal.swf]
[www.microschematic.com/zxtal.html]
[www.microschematic.com/zvcc.swf]
[www.microschematic.com/zvcc.html]
[www.microschematic.com/zztbaud.html]
[www.microschematic.com/zyrespow.swf]
[www.microschematic.com/zyrespow.html]
[www.microschematic.com/zyreswat.swf]
[www.microschematic.com/zyreswat.html]
[www.microschematic.com/zyresext.swf]
[www.microschematic.com/zyresext.html]
[www.microschematic.com/clr.swf]
[www.microschematic.com/clr.html]
[www.microschematic.com/or.swf]
[www.microschematic.com/or.html]
[www.microschematic.com/set.swf]
[www.microschematic.com/set.html]
